2026-08-20 13:46:53.524: [INFO] CurrentProfilePath: C:\Users\Gamers Club\Desktop\Garga-Ca-ador-de-Smurfs\PerfilGarga\Default
2026-08-20 13:46:53.524: [INFO] Profiles total count: 1
2026-08-20 13:46:53.524: [INFO] Profile: name=Perfil 1 path=C:\Users\Gamers Club\Desktop\Garga-Ca-ador-de-Smurfs\PerfilGarga\Default lastActive=null
2026-08-20 13:46:53.524: [INFO] LastUsedProfileDir: C:\Users\Gamers Club\Desktop\Garga-Ca-ador-de-Smurfs\PerfilGarga\Default
2026-08-20 13:46:53.524: [INFO] VisibilityChanged: 0
2026-08-20 13:46:53.610: [INFO] OnDoneLoading sync enabled: 0
2026-08-20 13:46:53.611: [INFO] BookmarkModelLoaded, ids_reassigned: 0
2026-08-20 13:46:53.611: [INFO] BookmarksLoadDropped droppedNodes=0
2026-08-20 13:46:53.611: [INFO] BookmarksSnapshot Startup total=0 bar=0 other=0 mobile=0 showBar=0 showBarNTP=1
2026-08-20 13:47:59.548: [INFO] BookmarksSnapshot Shutdown total=0 bar=0 other=0 mobile=0 showBar=0 showBarNTP=1
2026-08-20 13:53:20.312: [INFO] CurrentProfilePath: C:\Users\Gamers Club\Desktop\Garga-Ca-ador-de-Smurfs\PerfilGarga\Default
2026-08-20 13:53:20.312: [INFO] Profiles total count: 1
2026-08-20 13:53:20.313: [INFO] Profile: name=Pessoal path=C:\Users\Gamers Club\Desktop\Garga-Ca-ador-de-Smurfs\PerfilGarga\Default lastActive=2026-08-20T13:47:50.036Z
2026-08-20 13:53:20.313: [INFO] LastUsedProfileDir: C:\Users\Gamers Club\Desktop\Garga-Ca-ador-de-Smurfs\PerfilGarga\Default
2026-08-20 13:53:20.313: [INFO] MostRecentlyActiveProfile: name=Pessoal path=C:\Users\Gamers Club\Desktop\Garga-Ca-ador-de-Smurfs\PerfilGarga\Default lastActive=2026-08-20T13:47:50.036Z
2026-08-20 13:53:20.313: [INFO] VisibilityChanged: 0
2026-08-20 13:53:20.393: [INFO] OnDoneLoading sync enabled: 0
2026-08-20 13:53:20.393: [INFO] BookmarkModelLoaded, ids_reassigned: 0
2026-08-20 13:53:20.393: [INFO] BookmarksLoadDropped droppedNodes=0
2026-08-20 13:53:20.393: [INFO] BookmarksSnapshot Startup total=0 bar=0 other=0 mobile=0 showBar=0 showBarNTP=1
2026-08-20 13:55:26.680: [INFO] BookmarksSnapshot Shutdown total=0 bar=0 other=0 mobile=0 showBar=0 showBarNTP=1
2026-08-20 13:56:06.188: [INFO] CurrentProfilePath: C:\Users\Gamers Club\Desktop\Garga-Ca-ador-de-Smurfs\PerfilGarga\Default
2026-08-20 13:56:06.188: [INFO] Profiles total count: 1
2026-08-20 13:56:06.188: [INFO] Profile: name=Pessoal path=C:\Users\Gamers Club\Desktop\Garga-Ca-ador-de-Smurfs\PerfilGarga\Default lastActive=2026-08-20T13:53:20.358Z
2026-08-20 13:56:06.188: [INFO] LastUsedProfileDir: C:\Users\Gamers Club\Desktop\Garga-Ca-ador-de-Smurfs\PerfilGarga\Default
2026-08-20 13:56:06.188: [INFO] MostRecentlyActiveProfile: name=Pessoal path=C:\Users\Gamers Club\Desktop\Garga-Ca-ador-de-Smurfs\PerfilGarga\Default lastActive=2026-08-20T13:53:20.358Z
2026-08-20 13:56:06.188: [INFO] VisibilityChanged: 0
2026-08-20 13:56:06.268: [INFO] OnDoneLoading sync enabled: 0
2026-08-20 13:56:06.268: [INFO] BookmarkModelLoaded, ids_reassigned: 0
2026-08-20 13:56:06.268: [INFO] BookmarksLoadDropped droppedNodes=0
2026-08-20 13:56:06.268: [INFO] BookmarksSnapshot Startup total=0 bar=0 other=0 mobile=0 showBar=0 showBarNTP=1
2026-08-20 13:58:12.595: [INFO] BookmarksSnapshot Shutdown total=0 bar=0 other=0 mobile=0 showBar=0 showBarNTP=1
2026-08-20 13:59:15.621: [INFO] CurrentProfilePath: C:\Users\Gamers Club\Desktop\Garga-Ca-ador-de-Smurfs\PerfilGarga\Default
2026-08-20 13:59:15.621: [INFO] Profiles total count: 1
2026-08-20 13:59:15.621: [INFO] Profile: name=Pessoal path=C:\Users\Gamers Club\Desktop\Garga-Ca-ador-de-Smurfs\PerfilGarga\Default lastActive=2026-08-20T13:56:15.113Z
2026-08-20 13:59:15.621: [INFO] LastUsedProfileDir: C:\Users\Gamers Club\Desktop\Garga-Ca-ador-de-Smurfs\PerfilGarga\Default
2026-08-20 13:59:15.621: [INFO] MostRecentlyActiveProfile: name=Pessoal path=C:\Users\Gamers Club\Desktop\Garga-Ca-ador-de-Smurfs\PerfilGarga\Default lastActive=2026-08-20T13:56:15.113Z
2026-08-20 13:59:15.621: [INFO] VisibilityChanged: 0
2026-08-20 13:59:15.718: [INFO] OnDoneLoading sync enabled: 0
2026-08-20 13:59:15.718: [INFO] BookmarkModelLoaded, ids_reassigned: 0
2026-08-20 13:59:15.719: [INFO] BookmarksLoadDropped droppedNodes=0
2026-08-20 13:59:15.719: [INFO] BookmarksSnapshot Startup total=0 bar=0 other=0 mobile=0 showBar=0 showBarNTP=1
2026-08-20 13:59:59.638: [INFO] BookmarksSnapshot Shutdown total=0 bar=0 other=0 mobile=0 showBar=0 showBarNTP=1
2026-08-20 14:00:01.878: [INFO] CurrentProfilePath: C:\Users\Gamers Club\Desktop\Garga-Ca-ador-de-Smurfs\PerfilGarga\Default
2026-08-20 14:00:01.878: [INFO] Profiles total count: 1
2026-08-20 14:00:01.878: [INFO] Profile: name=Pessoal path=C:\Users\Gamers Club\Desktop\Garga-Ca-ador-de-Smurfs\PerfilGarga\Default lastActive=2026-08-20T13:59:15.681Z
2026-08-20 14:00:01.878: [INFO] LastUsedProfileDir: C:\Users\Gamers Club\Desktop\Garga-Ca-ador-de-Smurfs\PerfilGarga\Default
2026-08-20 14:00:01.878: [INFO] MostRecentlyActiveProfile: name=Pessoal path=C:\Users\Gamers Club\Desktop\Garga-Ca-ador-de-Smurfs\PerfilGarga\Default lastActive=2026-08-20T13:59:15.681Z
2026-08-20 14:00:01.878: [INFO] VisibilityChanged: 0
2026-08-20 14:00:01.963: [INFO] OnDoneLoading sync enabled: 0
2026-08-20 14:00:01.963: [INFO] BookmarkModelLoaded, ids_reassigned: 0
2026-08-20 14:00:01.963: [INFO] BookmarksLoadDropped droppedNodes=0
2026-08-20 14:00:01.963: [INFO] BookmarksSnapshot Startup total=0 bar=0 other=0 mobile=0 showBar=0 showBarNTP=1
2026-08-21 19:59:36.089: [INFO] CurrentProfilePath: C:\Users\Gamers Club\Desktop\Garga-Ca-ador-de-Smurfs\PerfilGarga\Default
2026-08-21 19:59:36.089: [INFO] Profiles total count: 1
2026-08-21 19:59:36.089: [INFO] Profile: name=Pessoal path=C:\Users\Gamers Club\Desktop\Garga-Ca-ador-de-Smurfs\PerfilGarga\Default lastActive=2026-08-20T17:03:04.472Z
2026-08-21 19:59:36.089: [INFO] LastUsedProfileDir: C:\Users\Gamers Club\Desktop\Garga-Ca-ador-de-Smurfs\PerfilGarga\Default
2026-08-21 19:59:36.090: [INFO] MostRecentlyActiveProfile: name=Pessoal path=C:\Users\Gamers Club\Desktop\Garga-Ca-ador-de-Smurfs\PerfilGarga\Default lastActive=2026-08-20T17:03:04.472Z
2026-08-21 19:59:36.090: [INFO] VisibilityChanged: 0
2026-08-21 19:59:36.246: [INFO] OnDoneLoading sync enabled: 0
2026-08-21 19:59:36.246: [INFO] BookmarkModelLoaded, ids_reassigned: 0
2026-08-21 19:59:36.246: [INFO] BookmarksLoadDropped droppedNodes=0
2026-08-21 19:59:36.246: [INFO] BookmarksSnapshot Startup total=0 bar=0 other=0 mobile=0 showBar=0 showBarNTP=1
2026-08-21 20:00:46.776: [INFO] BookmarksSnapshot Shutdown total=0 bar=0 other=0 mobile=0 showBar=0 showBarNTP=1
2026-08-21 20:00:50.146: [INFO] CurrentProfilePath: C:\Users\Gamers Club\Desktop\Garga-Ca-ador-de-Smurfs\PerfilGarga\Default
2026-08-21 20:00:50.146: [INFO] Profiles total count: 1
2026-08-21 20:00:50.148: [INFO] Profile: name=Pessoal path=C:\Users\Gamers Club\Desktop\Garga-Ca-ador-de-Smurfs\PerfilGarga\Default lastActive=2026-08-21T20:00:27.661Z
2026-08-21 20:00:50.148: [INFO] LastUsedProfileDir: C:\Users\Gamers Club\Desktop\Garga-Ca-ador-de-Smurfs\PerfilGarga\Default
2026-08-21 20:00:50.148: [INFO] MostRecentlyActiveProfile: name=Pessoal path=C:\Users\Gamers Club\Desktop\Garga-Ca-ador-de-Smurfs\PerfilGarga\Default lastActive=2026-08-21T20:00:27.661Z
2026-08-21 20:00:50.148: [INFO] VisibilityChanged: 0
2026-08-21 20:00:50.361: [INFO] OnDoneLoading sync enabled: 0
2026-08-21 20:00:50.361: [INFO] BookmarkModelLoaded, ids_reassigned: 0
2026-08-21 20:00:50.361: [INFO] BookmarksLoadDropped droppedNodes=0
2026-08-21 20:00:50.361: [INFO] BookmarksSnapshot Startup total=0 bar=0 other=0 mobile=0 showBar=0 showBarNTP=1
